// Jest Snapshot v1, https://goo.gl/fbAQLP

exports[`should render a good with name, unit and delete button 1`] = `
<div>
  <p
    class="MuiTypography-root MuiTypography-body1"
  >
    Test good
     - 
    kg
    <button
      class="MuiButtonBase-root MuiIconButton-root"
      tabindex="0"
      title="LÃ¶schen"
      type="button"
    >
      <span
        class="MuiIconButton-label"
      >
        <svg
          aria-hidden="true"
          class="MuiSvgIcon-root"
          focusable="false"
          role="presentation"
          viewBox="0 0 24 24"
        >
          <path
            d="M6 19c0 1.1.9 2 2 2h8c1.1 0 2-.9 2-2V7H6v12zM19 4h-3.5l-1-1h-5l-1 1H5v2h14V4z"
          />
        </svg>
      </span>
      <span
        class="MuiTouchRipple-root"
      />
    </button>
  </p>
</div>
`;

exports[`should render a good without delete button 1`] = `
<div>
  <p
    class="MuiTypography-root MuiTypography-body1"
  >
    Test good
     - 
    kg
  </p>
</div>
`;
